' Compilador mini Eiffel.
' Aquilino A. Juan.
' Versión 2024 (c)
#source "LectDecMultiple.me"
#func inicio
#ret void
CALL inicio
HALT

#line 17
inicio:

#line 20
PUSHB 73	' 'I'
OUTB
PUSHB 110	' 'n'
OUTB
PUSHB 115	' 's'
OUTB
PUSHB 101	' 'e'
OUTB
PUSHB 114	' 'r'
OUTB
PUSHB 116	' 't'
OUTB
PUSHB 97	' 'a'
OUTB
PUSHB 114	' 'r'
OUTB
PUSHB 32	' ' '
OUTB
PUSHB 117	' 'u'
OUTB
PUSHB 110	' 'n'
OUTB
PUSHB 32	' ' '
OUTB
PUSHB 101	' 'e'
OUTB
PUSHB 110	' 'n'
OUTB
PUSHB 116	' 't'
OUTB
PUSHB 101	' 'e'
OUTB
PUSHB 114	' 'r'
OUTB
PUSHB 111	' 'o'
OUTB
PUSHB 44	' ','
OUTB
PUSHB 32	' ' '
OUTB
PUSHB 117	' 'u'
OUTB
PUSHB 110	' 'n'
OUTB
PUSHB 32	' ' '
OUTB
PUSHB 100	' 'd'
OUTB
PUSHB 111	' 'o'
OUTB
PUSHB 117	' 'u'
OUTB
PUSHB 98	' 'b'
OUTB
PUSHB 108	' 'l'
OUTB
PUSHB 101	' 'e'
OUTB
PUSHB 32	' ' '
OUTB
PUSHB 121	' 'y'
OUTB
PUSHB 32	' ' '
OUTB
PUSHB 117	' 'u'
OUTB
PUSHB 110	' 'n'
OUTB
PUSHB 32	' ' '
OUTB
PUSHB 99	' 'c'
OUTB
PUSHB 97	' 'a'
OUTB
PUSHB 114	' 'r'
OUTB
PUSHB 225	' 'á'
OUTB
PUSHB 99	' 'c'
OUTB
PUSHB 116	' 't'
OUTB
PUSHB 101	' 'e'
OUTB
PUSHB 114	' 'r'
OUTB
PUSHB 10
OUTB

#line 21
PUSHA 0
INI
STOREI
PUSHA 4
INF
STOREF
PUSHA 12
INB
STOREB

#line 22
PUSHB 73	' 'I'
OUTB
PUSHB 110	' 'n'
OUTB
PUSHB 115	' 's'
OUTB
PUSHB 101	' 'e'
OUTB
PUSHB 114	' 'r'
OUTB
PUSHB 116	' 't'
OUTB
PUSHB 97	' 'a'
OUTB
PUSHB 32	' ' '
OUTB
PUSHB 97	' 'a'
OUTB
PUSHB 104	' 'h'
OUTB
PUSHB 111	' 'o'
OUTB
PUSHB 114	' 'r'
OUTB
PUSHB 97	' 'a'
OUTB
PUSHB 32	' ' '
OUTB
PUSHB 111	' 'o'
OUTB
PUSHB 116	' 't'
OUTB
PUSHB 114	' 'r'
OUTB
PUSHB 111	' 'o'
OUTB
PUSHB 115	' 's'
OUTB
PUSHB 32	' ' '
OUTB
PUSHB 116	' 't'
OUTB
PUSHB 114	' 'r'
OUTB
PUSHB 101	' 'e'
OUTB
PUSHB 115	' 's'
OUTB
PUSHB 58	' ':'
OUTB
PUSHB 10
OUTB

#line 23
PUSHA 2
INI
STOREI
PUSHA 8
INF
STOREF
PUSHA 13
INB
STOREB

#line 24
PUSHB 86	' 'V'
OUTB
PUSHB 97	' 'a'
OUTB
PUSHB 108	' 'l'
OUTB
PUSHB 111	' 'o'
OUTB
PUSHB 114	' 'r'
OUTB
PUSHB 101	' 'e'
OUTB
PUSHB 115	' 's'
OUTB
PUSHB 32	' ' '
OUTB
PUSHB 108	' 'l'
OUTB
PUSHB 101	' 'e'
OUTB
PUSHB 237	' 'í'
OUTB
PUSHB 100	' 'd'
OUTB
PUSHB 111	' 'o'
OUTB
PUSHB 115	' 's'
OUTB
PUSHB 58	' ':'
OUTB
PUSHB 10
OUTB

#line 25
PUSHB 105	' 'i'
OUTB
PUSHB 61	' '='
OUTB
PUSHA 0
LOADI
OUTI
PUSHB 32	' ' '
OUTB
PUSHB 102	' 'f'
OUTB
PUSHB 61	' '='
OUTB
PUSHA 4
LOADF
OUTF
PUSHB 32	' ' '
OUTB
PUSHB 99	' 'c'
OUTB
PUSHB 61	' '='
OUTB
PUSHA 12
LOADB
OUTB
PUSHB 10
OUTB

#line 26
PUSHB 106	' 'j'
OUTB
PUSHB 61	' '='
OUTB
PUSHA 2
LOADI
OUTI
PUSHB 32	' ' '
OUTB
PUSHB 103	' 'g'
OUTB
PUSHB 61	' '='
OUTB
PUSHA 8
LOADF
OUTF
PUSHB 32	' ' '
OUTB
PUSHB 100	' 'd'
OUTB
PUSHB 61	' '='
OUTB
PUSHA 13
LOADB
OUTB
PUSHB 10
OUTB

#line 26
RET 0, 0, 0
