' Compilador mini Eiffel.
' Aquilino A. Juan.
' Versi√≥n 2024.2 (c)
#source "Prints.me"
#func inicio
#ret void
CALL inicio
HALT

#line 10
inicio:

#line 13
PUSHI 1
OUTI
PUSHI 3
OUTI

#line 14
PUSHI 2
OUTI
PUSHB 10
OUTB

#line 15
PUSHI 4
OUTI

#line 17
PUSHB 10
OUTB

#line 18
PUSHB 97	' 'a'
OUTB

#line 19

#line 20
PUSHB 98	' 'b'
OUTB
PUSHB 10
OUTB

#line 20
RET 0, 0, 0
